1..432
ok 1 - platform_output
# Output from process `platform_output`:
# uv_get_process_title: Debug/uv_run_tests_a
# uv_cwd: /data/home/rogertyang/libuv
# uv_resident_set_memory: 3170304
# uv_uptime: 422843.670000
# uv_getrusage:
#   user: 0 sec 0 microsec
#   system: 0 sec 1057 microsec
#   page faults: 0
#   maximum resident set size: 3096
# uv_available_parallelism: 16
# uv_cpu_info:
#   model: Intel(R) Xeon(R) Platinum 8255C CPU @ 2.50GHz
#   speed: 0
#   times.sys: 692750
#   times.user: 3005870
#   times.idle: 418455630
#   times.irq: 267100
#   times.nice: 2090
#   model: Intel(R) Xeon(R) Platinum 8255C CPU @ 2.50GHz
#   speed: 0
#   times.sys: 756040
#   times.user: 3256350
#   times.idle: 418026660
#   times.irq: 308700
#   times.nice: 3230
#   model: Intel(R) Xeon(R) Platinum 8255C CPU @ 2.50GHz
#   speed: 0
#   times.sys: 724090
#   times.user: 2987590
#   times.idle: 418603810
#   times.irq: 217220
#   times.nice: 2740
#   model: Intel(R) Xeon(R) Platinum 8255C CPU @ 2.50GHz
#   speed: 0
#   times.sys: 751810
#   times.user: 3114740
#   times.idle: 418357900
#   times.irq: 281510
#   times.nice: 2160
#   model: Intel(R) Xeon(R) Platinum 8255C C
# PU @ 2.50GHz
#   speed: 0
#   times.sys: 727440
#   times.user: 3105470
#   times.idle: 418444430
#   times.irq: 256110
#   times.nice: 4070
#   model: Intel(R) Xeon(R) Platinum 8255C CPU @ 2.50GHz
#   speed: 0
#   times.sys: 789650
#   times.user: 3094680
#   times.idle: 418374110
#   times.irq: 258030
#   times.nice: 2120
#   model: Intel(R) Xeon(R) Platinum 8255C CPU @ 2.50GHz
#   speed: 0
#   times.sys: 746100
#   times.user: 3106340
#   times.idle: 418376990
#   times.irq: 278340
#   times.nice: 3520
#   model: Intel(R) Xeon(R) Platinum 8255C CPU @ 2.50GHz
#   speed: 0
#   times.sys: 753200
#   times.user: 3066900
#   times.idle: 418267100
#   times.irq: 265690
#   times.nice: 2360
#   model: Intel(R) Xeon(R) Platinum 8255C CPU @ 2.50GHz
#   speed: 0
#   times.sys: 755830
#   times.user: 3115400
#   times.idle: 418334840
#   times.irq: 273420
#   times.nice: 2460
#   model: Intel(R) Xeon(R) Platinum 8255C CPU @ 2.50GHz
#   speed: 0
#   times.sys: 781230
#   times.user: 3129920
#   times.idle: 418290060
#   times.irq: 281480
#   times.nice: 1990
#   model: Intel(R) Xeon(R) Platinum 8255C
#  CPU @ 2.50GHz
#   speed: 0
#   times.sys: 788160
#   times.user: 3228890
#   times.idle: 418217030
#   times.irq: 275130
#   times.nice: 2150
#   model: Intel(R) Xeon(R) Platinum 8255C CPU @ 2.50GHz
#   speed: 0
#   times.sys: 762330
#   times.user: 3305310
#   times.idle: 418172380
#   times.irq: 272150
#   times.nice: 2440
#   model: Intel(R) Xeon(R) Platinum 8255C CPU @ 2.50GHz
#   speed: 0
#   times.sys: 823650
#   times.user: 3198590
#   times.idle: 418212880
#   times.irq: 283340
#   times.nice: 2190
#   model: Intel(R) Xeon(R) Platinum 8255C CPU @ 2.50GHz
#   speed: 0
#   times.sys: 773250
#   times.user: 3172560
#   times.idle: 418271180
#   times.irq: 287450
#   times.nice: 5490
#   model: Intel(R) Xeon(R) Platinum 8255C CPU @ 2.50GHz
#   speed: 0
#   times.sys: 826470
#   times.user: 3326320
#   times.idle: 417172770
#   times.irq: 825920
#   times.nice: 2920
#   model: Intel(R) Xeon(R) Platinum 8255C CPU @ 2.50GHz
#   speed: 0
#   times.sys: 786980
#   times.user: 3265400
#   times.idle: 417969090
#   times.irq: 305680
#   times.nice: 2510
# uv_interface_addresses:
#   name: lo
#   i
# nternal: 1
#   physical address: 00:00:00:00:00:00
#   address: 127.0.0.1
#   netmask: 255.0.0.0
#   name: eth1
#   internal: 0
#   physical address: 52:54:00:97:ad:06
#   address: 9.135.73.96
#   netmask: 255.255.254.0
#   name: lo
#   internal: 1
#   physical address: 00:00:00:00:00:00
#   address: ::1
#   netmask: ffff:ffff:ffff:ffff:ffff:ffff:ffff:ffff
#   name: eth1
#   internal: 0
#   physical address: 52:54:00:97:ad:06
#   address: fe80::d9c7:ac05:c314:d471
#   netmask: ffff:ffff:ffff:ffff::
# uv_os_get_passwd:
#   euid: 0
#   gid: 0 (root)
#     members: [ ]
#   username: root
#   shell: /bin/bash
#   home directory: /root
# uv_os_getpid: 2540491
# uv_os_getppid: 2540490
# uv_os_uname:
#   sysname: Linux
#   release: 6.1.11-2302.1.1
#   version: #1 SMP PREEMPT_DYNAMIC Fri Mar 31 16:18:43 CST 2023
#   machine: x86_64
ok 2 - active
ok 3 - async
ok 4 - async_null_cb
ok 5 - async_ref
ok 6 - barrier_1
ok 7 - barrier_2
ok 8 - barrier_3
ok 9 - barrier_serial_thread
ok 10 - barrier_serial_thread_single
not ok 11 - callback_stack
# exit code 134
# Output from process `callback_stack`:
# Listen error EADDRINUSE
Output from process `callback_stack`:
# Connecting...
# Connected. Write some data to echo server...
# Data written. 500ms timeout...
# Timeout complete. Now read data...
# Read. nread == -104
# Assertion failed in /data/home/rogertyang/libuv/test/test-callback-stack.c on line 80: nread == UV_EOF
ok 12 - check_ref
ok 13 - clock_gettime
ok 14 - close_fd
ok 15 - close_order
ok 16 - closed_fd_events
ok 17 - condvar_1
ok 18 - condvar_2
ok 19 - condvar_3
ok 20 - condvar_4
ok 21 - condvar_5
ok 22 - connect_unspecified
ok 23 - connection_fail
ok 24 - connection_fail_doesnt_auto_close
ok 25 - cwd_and_chdir
ok 26 - default_loop_close
ok 27 - delayed_accept
ok 28 - dlerror
ok 29 - eintr_handling
ok 30 - embed
ok 31 - emfile
ok 32 - env_vars
ok 33 - error_message
ok 34 - fork_fs_events_child
ok 35 - fork_fs_events_child_dir
ok 36 - fork_fs_events_file_parent_child
ok 37 - fork_signal_to_child
ok 38 - fork_signal_to_child_closed
ok 39 - fork_socketpair
ok 40 - fork_socketpair_started
ok 41 - fork_threadpool_queue_work_simple
ok 42 - fork_timer
ok 43 - fs_access
ok 44 - fs_async_dir
ok 45 - fs_async_sendfile
ok 46 - fs_async_sendfile_nodata
ok 47 - fs_chmod
ok 48 - fs_chown
not ok 49 - fs_copyfile
# exit code 134
# Output from process `fs_copyfile`:
# Assertion failed in /data/home/rogertyang/libuv/test/test-fs-copyfile.c on line 216: `req.result == UV_EACCES` (0 == -13)
ok 50 - fs_event_close_in_callback
ok 51 - fs_event_close_with_pending_delete_event
ok 52 - fs_event_close_with_pending_event
ok 53 - fs_event_error_reporting
ok 54 - fs_event_getpath
ok 55 - fs_event_immediate_close
ok 56 - fs_event_no_callback_after_close
ok 57 - fs_event_no_callback_on_close
ok 58 - fs_event_ref
ok 59 - fs_event_start_and_close
ok 60 - fs_event_stop_in_cb
ok 61 - fs_event_watch_dir
ok 62 - fs_event_watch_dir_recursive # SKIP Recursive directory watching not supported on this platform.
ok 63 - fs_event_watch_file
ok 64 - fs_event_watch_file_current_dir
ok 65 - fs_event_watch_file_exact_path
ok 66 - fs_event_watch_file_twice
ok 67 - fs_event_watch_invalid_path
ok 68 - fs_file_async
ok 69 - fs_file_loop
ok 70 - fs_file_nametoolong
ok 71 - fs_file_noent
ok 72 - fs_file_open_append
ok 73 - fs_file_pos_after_op_with_offset
ok 74 - fs_file_sync
ok 75 - fs_file_write_null_buffer
ok 76 - fs_fstat
ok 77 - fs_fstat_stdio
ok 78 - fs_futime
ok 79 - fs_get_system_error
ok 80 - fs_link
ok 81 - fs_lutime
ok 82 - fs_mkdtemp
ok 83 - fs_mkstemp
ok 84 - fs_null_req
ok 85 - fs_open_dir
ok 86 - fs_partial_read
ok 87 - fs_partial_write
ok 88 - fs_poll
ok 89 - fs_poll_close_request
ok 90 - fs_poll_close_request_multi_start_stop
ok 91 - fs_poll_close_request_multi_stop_start
ok 92 - fs_poll_close_request_stop_when_active
ok 93 - fs_poll_getpath
ok 94 - fs_poll_ref
ok 95 - fs_read_bufs
ok 96 - fs_read_dir
ok 97 - fs_read_file_eof
ok 98 - fs_read_write_null_arguments
ok 99 - fs_readdir_empty_dir
ok 100 - fs_readdir_file
ok 101 - fs_readdir_non_empty_dir
ok 102 - fs_readdir_non_existing_dir
ok 103 - fs_readlink
ok 104 - fs_realpath
ok 105 - fs_rename_to_existing_file
ok 106 - fs_scandir_early_exit
ok 107 - fs_scandir_empty_dir
ok 108 - fs_scandir_file
ok 109 - fs_scandir_non_existent_dir
ok 110 - fs_stat_batch_multiple
ok 111 - fs_stat_missing_path
ok 112 - fs_statfs
ok 113 - fs_symlink
ok 114 - fs_symlink_dir
ok 115 - fs_unlink_readonly
ok 116 - fs_utime
ok 117 - fs_utime_round
ok 118 - fs_write_alotof_bufs
ok 119 - fs_write_alotof_bufs_with_offset
ok 120 - fs_write_multiple_bufs
ok 121 - get_currentexe
ok 122 - get_group
ok 123 - get_loadavg
ok 124 - get_memory
ok 125 - get_osfhandle_valid_handle
ok 126 - get_passwd
ok 127 - get_passwd2
ok 128 - getaddrinfo_basic
ok 129 - getaddrinfo_basic_sync
ok 130 - getaddrinfo_concurrent
ok 131 - getaddrinfo_fail
ok 132 - getaddrinfo_fail_sync
ok 133 - gethostname
ok 134 - getnameinfo_basic_ip4
ok 135 - getnameinfo_basic_ip4_sync
ok 136 - getnameinfo_basic_ip6
ok 137 - getsockname_tcp
ok 138 - getsockname_udp
ok 139 - getters_setters
ok 140 - gettimeofday
ok 141 - handle_fileno
ok 142 - handle_type_name
ok 143 - has_ref
ok 144 - homedir
ok 145 - hrtime
ok 146 - idle_check
ok 147 - idle_ref
ok 148 - idle_starvation
ok 149 - idna_toascii
ok 150 - ip4_addr
ok 151 - ip6_addr_link_local
ok 152 - ip6_pton
ok 153 - ip6_sin6_len
ok 154 - ip_name
not ok 155 - ipc_heavy_traffic_deadlock_bug
# exit code 134
# Output from process `ipc_heavy_traffic_deadlock_bug`:
# Assertion failed in /data/home/rogertyang/libuv/test/test-ipc-heavy-traffic-deadlock-bug.c on line 97: nread >= 0
# Assertion failed in /data/home/rogertyang/libuv/test/test-ipc-heavy-traffic-deadlock-bug.c on line 52: `status == 0` (-32 == 0)
not ok 156 - ipc_listen_after_write
# exit code 139
# Output from process `ipc_listen_after_write`:
# got 6 bytes
not ok 157 - ipc_listen_before_write
# exit code 134
# Output from process `ipc_listen_before_write`:
# Assertion failed in /data/home/rogertyang/libuv/test/test-ipc.c on line 704: `r == 0` (-98 == 0)
# exit_cb
# Assertion failed in /data/home/rogertyang/libuv/test/test-ipc.c on line 95: `term_signal == 0` (6 == 0)
not ok 158 - ipc_send_recv_pipe
# timeout
# Output from process `ipc_send_recv_pipe`: (no output)
not ok 159 - ipc_send_recv_pipe_inprocess
# exit code 134
# Output from process `ipc_send_recv_pipe_inprocess`:
# Assertion failed in /data/home/rogertyang/libuv/test/test-ipc-send-recv.c on line 317: `nread >= 0` (-14 >= 0)
not ok 160 - ipc_send_recv_tcp
# timeout
# Output from process `ipc_send_recv_tcp`: (no output)
not ok 161 - ipc_send_recv_tcp_inprocess
# exit code 134
# Output from process `ipc_send_recv_tcp_inprocess`:
# Assertion failed in /data/home/rogertyang/libuv/test/test-ipc-send-recv.c on line 317: `nread >= 0` (-14 >= 0)
ok 162 - ipc_send_zero
not ok 163 - ipc_tcp_connection
# exit code 134
# Output from process `ipc_tcp_connection`:
# Assertion failed in /data/home/rogertyang/libuv/test/test-ipc.c on line 756: `r == 0` (-98 == 0)
# exit_cb
# Assertion failed in /data/home/rogertyang/libuv/test/test-ipc.c on line 95: `term_signal == 0` (6 == 0)
ok 164 - kill
ok 165 - kill_invalid_signum
ok 166 - loop_alive
ok 167 - loop_backend_timeout
ok 168 - loop_close
ok 169 - loop_configure
ok 170 - loop_handles
ok 171 - loop_instant_close
ok 172 - loop_stop
ok 173 - loop_stop_before_run
ok 174 - loop_update_time
ok 175 - metrics_idle_time
ok 176 - metrics_idle_time_thread
ok 177 - metrics_idle_time_zero
ok 178 - metrics_info_check
ok 179 - metrics_pool_events
not ok 180 - multiple_listen
# exit code 134
# Output from process `multiple_listen`:
# Assertion failed in /data/home/rogertyang/libuv/test/test-multiple-listen.c on line 60: `r == 0` (-98 == 0)
ok 181 - not_readable_nor_writable_on_read_error
ok 182 - not_writable_after_shutdown
ok 183 - open_osfhandle_valid_handle
ok 184 - pipe_bind_error_addrinuse
ok 185 - pipe_bind_error_addrnotavail
ok 186 - pipe_bind_error_inval
ok 187 - pipe_bind_or_listen_error_after_close
not ok 188 - pipe_close_stdout_read_stdin
# exit code 134
# Output from process `pipe_close_stdout_read_stdin`:
# Assertion failed in /data/home/rogertyang/libuv/test/test-pipe-close-stdout-read-stdin.c on line 100: uv_run(uv_default_loop(), UV_RUN_NOWAIT) == 0
# Assertion failed in /data/home/rogertyang/libuv/test/test-pipe-close-stdout-read-stdin.c on line 111: WIFEXITED(status) && WEXITSTATUS(status) == 0
ok 189 - pipe_connect_bad_name
ok 190 - pipe_connect_close_multiple
ok 191 - pipe_connect_multiple
ok 192 - pipe_connect_on_prepare
ok 193 - pipe_connect_to_file
ok 194 - pipe_getsockname
ok 195 - pipe_getsockname_abstract
ok 196 - pipe_getsockname_blocking
ok 197 - pipe_listen_without_bind
ok 198 - pipe_overlong_path
ok 199 - pipe_pending_instances
not ok 200 - pipe_ping_pong
# timeout
# Output from process `pipe_ping_pong`: (no output)
Output from process `pipe_ping_pong`:
# PING
# PONG 0
# PING
not ok 201 - pipe_ping_pong_vec
# timeout
# Output from process `pipe_ping_pong_vec`: (no output)
Output from process `pipe_ping_pong_vec`:
# PING
# PONG 0
# PING
ok 202 - pipe_ref
ok 203 - pipe_ref2
ok 204 - pipe_ref3
ok 205 - pipe_ref4
not ok 206 - pipe_sendmsg
# exit code 134
# Output from process `pipe_sendmsg`:
# Assertion failed in /data/home/rogertyang/libuv/test/test-pipe-sendmsg.c on line 82: nread >= 0
ok 207 - pipe_server_close
ok 208 - pipe_set_chmod
ok 209 - pipe_set_non_blocking
ok 210 - poll_bad_fdtype
ok 211 - poll_close
ok 212 - poll_close_doesnt_corrupt_stack # SKIP Test only relevant on Windows
ok 213 - poll_closesocket # SKIP Test only relevant on Windows
ok 214 - poll_duplex
ok 215 - poll_multiple_handles
ok 216 - poll_nested_epoll
ok 217 - poll_oob
ok 218 - poll_unidirectional
ok 219 - prepare_ref
ok 220 - process_priority
ok 221 - process_ref
ok 222 - process_title
ok 223 - process_title_big_argv
ok 224 - process_title_threadsafe
ok 225 - queue_foreach_delete
ok 226 - random_async
ok 227 - random_sync
ok 228 - readable_on_eof
ok 229 - ref
ok 230 - req_type_name
ok 231 - run_nowait
ok 232 - run_once
ok 233 - semaphore_1
ok 234 - semaphore_2
ok 235 - semaphore_3
ok 236 - shutdown_close_pipe
ok 237 - shutdown_close_tcp
not ok 238 - shutdown_eof
# exit code 134
# Output from process `shutdown_eof`: (no output)
Output from process `shutdown_eof`:
# got Q
# Assertion failed in /data/home/rogertyang/libuv/test/test-shutdown-eof.c on line 119: got_eof
not ok 239 - shutdown_simultaneous
# timeout
# Output from process `shutdown_simultaneous`: (no output)
Output from process `shutdown_simultaneous`:
# got QQSS
ok 240 - shutdown_twice
ok 241 - signal_close_loop_alive
ok 242 - signal_multiple_loops
ok 243 - signal_pending_on_close
ok 244 - socket_buffer_size
ok 245 - spawn_and_kill
ok 246 - spawn_and_kill_with_std
not ok 247 - spawn_and_ping
# timeout
# Output from process `spawn_and_ping`:
# close_cb
# exit_cb
# close_cb
ok 248 - spawn_auto_unref
ok 249 - spawn_closed_process_io
ok 250 - spawn_detached
ok 251 - spawn_empty_env
ok 252 - spawn_exercise_sigchld_issue
ok 253 - spawn_exit_code
ok 254 - spawn_fails
ok 255 - spawn_fails_check_for_waitpid_cleanup
ok 256 - spawn_fs_open
ok 257 - spawn_ignored_stdio
not ok 258 - spawn_inherit_streams
# timeout
# Output from process `spawn_inherit_streams`:
# close_cb
# exit_cb
# close_cb
not ok 259 - spawn_preserve_env
# timeout
# Output from process `spawn_preserve_env`:
# exit_cb
# close_cb
ok 260 - spawn_quoted_path # SKIP Test for Windows
ok 261 - spawn_reads_child_path
ok 262 - spawn_relative_path
not ok 263 - spawn_same_stdout_stderr
# timeout
# Output from process `spawn_same_stdout_stderr`:
# close_cb
# exit_cb
# close_cb
ok 264 - spawn_setgid_fails
ok 265 - spawn_setuid_fails
ok 266 - spawn_setuid_setgid
not ok 267 - spawn_stdin
# timeout
# Output from process `spawn_stdin`:
# close_cb
# exit_cb
# close_cb
not ok 268 - spawn_stdio_greater_than_3
# timeout
# Output from process `spawn_stdio_greater_than_3`:
# exit_cb
# close_cb
not ok 269 - spawn_stdout
# timeout
# Output from process `spawn_stdout`:
# exit_cb
# close_cb
ok 270 - spawn_stdout_and_stderr_to_file
ok 271 - spawn_stdout_and_stderr_to_file2
ok 272 - spawn_stdout_and_stderr_to_file_swap
ok 273 - spawn_stdout_to_file
ok 274 - spawn_tcp_server
not ok 275 - stdio_emulate_iocp
# timeout
# Output from process `stdio_emulate_iocp`: (no output)
not ok 276 - stdio_over_pipes
# timeout
# Output from process `stdio_over_pipes`: (no output)
ok 277 - strscpy
ok 278 - strtok
ok 279 - sys_error
ok 280 - tcp6_local_connect_timeout
not ok 281 - tcp6_ping_pong
# timeout
# Output from process `tcp6_ping_pong`: (no output)
Output from process `tcp6_ping_pong`:
# PING
# PONG 0
# PING
not ok 282 - tcp6_ping_pong_vec
# timeout
# Output from process `tcp6_ping_pong_vec`: (no output)
Output from process `tcp6_ping_pong_vec`:
# PING
# PONG 0
# PING
not ok 283 - tcp_alloc_cb_fail
# exit code 134
# Output from process `tcp_alloc_cb_fail`:
# uv_run_tests_a: /data/home/rogertyang/libuv/src/unix/stream.c:1392: uv__read_start: Assertion `uv__iou_stream_read(stream)' failed.
ok 284 - tcp_bind6_error_addrinuse
ok 285 - tcp_bind6_error_addrnotavail
ok 286 - tcp_bind6_error_fault
ok 287 - tcp_bind6_error_inval
ok 288 - tcp_bind6_localhost_ok
ok 289 - tcp_bind_error_addrinuse_connect
ok 290 - tcp_bind_error_addrinuse_listen
ok 291 - tcp_bind_error_addrnotavail_1
ok 292 - tcp_bind_error_addrnotavail_2
ok 293 - tcp_bind_error_fault
ok 294 - tcp_bind_error_inval
ok 295 - tcp_bind_invalid_flags
ok 296 - tcp_bind_localhost_ok
ok 297 - tcp_bind_or_listen_error_after_close
ok 298 - tcp_bind_writable_flags
ok 299 - tcp_close
not ok 300 - tcp_close_accept
# exit code 134
# Output from process `tcp_close_accept`:
# Assertion failed in /data/home/rogertyang/libuv/test/test-tcp-close-accept.c on line 92: pending_incoming < got_connections
not ok 301 - tcp_close_after_read_timeout
# timeout
# Output from process `tcp_close_after_read_timeout`: (no output)
not ok 302 - tcp_close_reset_accepted
# timeout
# Output from process `tcp_close_reset_accepted`: (no output)
not ok 303 - tcp_close_reset_accepted_after_shutdown
# timeout
# Output from process `tcp_close_reset_accepted_after_shutdown`: (no output)
not ok 304 - tcp_close_reset_accepted_after_socket_shutdown
# timeout
# Output from process `tcp_close_reset_accepted_after_socket_shutdown`: (no output)
not ok 305 - tcp_close_reset_client
# timeout
# Output from process `tcp_close_reset_client`: (no output)
not ok 306 - tcp_close_reset_client_after_shutdown
# exit code 134
# Output from process `tcp_close_reset_client_after_shutdown`:
# uv_run_tests_a: /data/home/rogertyang/libuv/src/unix/linux.c:1252: uv__poll_io_uring: Assertion `e->res != -EINTR && e->res != -EWOULDBLOCK && e->res != -EAGAIN' failed.
ok 307 - tcp_close_while_connecting
ok 308 - tcp_connect6_error_fault
ok 309 - tcp_connect6_link_local
ok 310 - tcp_connect_error_after_write
ok 311 - tcp_connect_error_fault
not ok 312 - tcp_connect_timeout
# exit code 134
# Output from process `tcp_connect_timeout`:
# Assertion failed in /data/home/rogertyang/libuv/test/test-tcp-connect-timeout.c on line 42: status == UV_ECANCELED
ok 313 - tcp_create_early
ok 314 - tcp_create_early_accept
ok 315 - tcp_create_early_bad_bind
ok 316 - tcp_create_early_bad_domain
ok 317 - tcp_flags
ok 318 - tcp_listen_without_bind
ok 319 - tcp_local_connect_timeout
ok 320 - tcp_oob
not ok 321 - tcp_open
# timeout
# Output from process `tcp_open`: (no output)
Output from process `tcp_open`: (no output)
ok 322 - tcp_open_bound
not ok 323 - tcp_open_connected
# timeout
# Output from process `tcp_open_connected`: (no output)
Output from process `tcp_open_connected`: (no output)
ok 324 - tcp_open_twice
not ok 325 - tcp_ping_pong
# timeout
# Output from process `tcp_ping_pong`: (no output)
Output from process `tcp_ping_pong`:
# PING
# PONG 0
# PING
not ok 326 - tcp_ping_pong_vec
# timeout
# Output from process `tcp_ping_pong_vec`: (no output)
Output from process `tcp_ping_pong_vec`:
# PING
# PONG 0
# PING
not ok 327 - tcp_read_stop
# exit code 134
# Output from process `tcp_read_stop`: (no output)
Output from process `tcp_read_stop`:
# Assertion failed in /data/home/rogertyang/libuv/test/test-tcp-read-stop.c on line 31: 0 && "fail_cb called"
ok 328 - tcp_read_stop_start
ok 329 - tcp_ref
ok 330 - tcp_ref2
ok 331 - tcp_ref2b
ok 332 - tcp_ref3
ok 333 - tcp_ref4
ok 334 - tcp_rst
ok 335 - tcp_shutdown_after_write
not ok 336 - tcp_try_write
# timeout
# Output from process `tcp_try_write`: (no output)
ok 337 - tcp_try_write_error
not ok 338 - tcp_unexpected_read
# exit code 134
# Output from process `tcp_unexpected_read`:
# Assertion failed in /data/home/rogertyang/libuv/test/test-tcp-unexpected-read.c on line 53: 0 && "alloc_cb should not have been called"
ok 339 - tcp_write_after_connect
ok 340 - tcp_write_fail
not ok 341 - tcp_write_in_a_row
# timeout
# Output from process `tcp_write_in_a_row`: (no output)
ok 342 - tcp_write_queue_order
not ok 343 - tcp_write_ready
# timeout
# Output from process `tcp_write_ready`: (no output)
Output from process `tcp_write_ready`: (no output)
ok 344 - tcp_write_to_half_open_connection
not ok 345 - tcp_writealot
# timeout
# Output from process `tcp_writealot`: (no output)
Output from process `tcp_writealot`: (no output)
ok 346 - test_macros
ok 347 - thread_affinity
ok 348 - thread_create
ok 349 - thread_equal
ok 350 - thread_local_storage
ok 351 - thread_mutex
ok 352 - thread_mutex_recursive
ok 353 - thread_rwlock
ok 354 - thread_rwlock_trylock
ok 355 - thread_stack_size
ok 356 - thread_stack_size_explicit
ok 357 - threadpool_cancel_fs
ok 358 - threadpool_cancel_getaddrinfo
ok 359 - threadpool_cancel_getnameinfo
ok 360 - threadpool_cancel_random
ok 361 - threadpool_cancel_single
ok 362 - threadpool_cancel_when_busy
ok 363 - threadpool_cancel_work
ok 364 - threadpool_multiple_event_loops
ok 365 - threadpool_queue_work_einval
ok 366 - threadpool_queue_work_simple
ok 367 - timer
ok 368 - timer_again
ok 369 - timer_early_check
ok 370 - timer_from_check
ok 371 - timer_huge_repeat
ok 372 - timer_huge_timeout
ok 373 - timer_init
ok 374 - timer_is_closing
ok 375 - timer_no_double_call_nowait
ok 376 - timer_no_double_call_once
ok 377 - timer_no_run_on_unref
ok 378 - timer_null_callback
ok 379 - timer_order
ok 380 - timer_ref
ok 381 - timer_ref2
ok 382 - timer_run_once
ok 383 - timer_start_twice
ok 384 - tmpdir
ok 385 - tty
ok 386 - tty_file
ok 387 - tty_pty
ok 388 - udp_alloc_cb_fail
ok 389 - udp_bind
ok 390 - udp_bind_reuseaddr
ok 391 - udp_connect
ok 392 - udp_connect6
ok 393 - udp_create_early
ok 394 - udp_create_early_bad_bind
ok 395 - udp_create_early_bad_domain
ok 396 - udp_dgram_too_big
ok 397 - udp_dual_stack
ok 398 - udp_ipv6_only
ok 399 - udp_mmsg
ok 400 - udp_multicast_interface
ok 401 - udp_multicast_interface6
ok 402 - udp_multicast_join
ok 403 - udp_multicast_join6
ok 404 - udp_multicast_ttl
ok 405 - udp_no_autobind
ok 406 - udp_open
ok 407 - udp_open_bound
ok 408 - udp_open_connect
ok 409 - udp_open_twice
ok 410 - udp_options
ok 411 - udp_options6
ok 412 - udp_recv_in_a_row
ok 413 - udp_ref
ok 414 - udp_ref2
ok 415 - udp_ref3
ok 416 - udp_send_and_recv
ok 417 - udp_send_hang_loop
ok 418 - udp_send_immediate
ok 419 - udp_send_unix
ok 420 - udp_send_unreachable
ok 421 - udp_sendmmsg_error
ok 422 - udp_try_send
ok 423 - uname
ok 424 - unref_in_prepare_cb
ok 425 - utf8_decode1
ok 426 - utf8_decode1_overrun
ok 427 - walk_handles
ok 428 - watcher_cross_stop
ok 429 - we_get_signal
ok 430 - we_get_signal_one_shot
ok 431 - we_get_signals
ok 432 - we_get_signals_mixed
